2026-10-15 | СДАЧА | Устная сдача №1 | ауд. 401 | Портнов, Степанова
2026-11-01 | СДАЧА | Тема 007 | ауд. 312 | Портнов, Степанова
2027-01-08 | СДАЧА | Тема 011 | ауд. 312 | Портнов, Степанова
2027-03-17 | СДАЧА | Тема 015 | ауд. 312 | Портнов, Степанова
2026-10-08 | СДАЧА | Тема 019 | ауд. 312 | Портнов, Степанова
2026-12-15 | СДАЧА | Тема 023 | ауд. 312 | Портнов, Степанова
2027-02-21 | СДАЧА | Тема 027 | ауд. 312 | Портнов, Степанова
2027-04-30 | СДАЧА | Тема 031 | ауд. 312 | Портнов, Степанова
2026-11-21 | СДАЧА | Тема 035 | ауд. 312 | Портнов, Степанова
2027-01-28 | СДАЧА | Тема 039 | ауд. 312 | Портнов, Степанова
2027-04-06 | СДАЧА | Тема 043 | ауд. 312 | Портнов, Степанова
2026-10-28 | СДАЧА | Тема 047 | ауд. 312 | Портнов, Степанова
2027-01-04 | СДАЧА | Тема 051 | ауд. 312 | Портнов, Степанова
2027-03-13 | СДАЧА | Тема 055 | ауд. 312 | Портнов, Степанова
2026-10-04 | СДАЧА | Тема 059 | ауд. 312 | Портнов, Степанова
2026-12-11 | СДАЧА | Тема 063 | ауд. 312 | Портнов, Степанова
2027-02-17 | СДАЧА | Тема 067 | ауд. 312 | Портнов, Степанова
2027-04-26 | СДАЧА | Тема 071 | ауд. 312 | Портнов, Степанова
2026-11-17 | СДАЧА | Тема 075 | ауд. 312 | Портнов, Степанова
2027-01-24 | СДАЧА | Тема 079 | ауд. 312 | Портнов, Степанова
2027-04-02 | СДАЧА | Тема 083 | ауд. 312 | Портнов, Степанова
2026-10-24 | СДАЧА | Тема 087 | ауд. 312 | Портнов, Степанова
2026-12-31 | СДАЧА | Тема 091 | ауд. 312 | Портнов, Степанова
2027-03-09 | СДАЧА | Тема 095 | ауд. 312 | Портнов, Степанова
2026-09-30 | СДАЧА | Тема 099 | ауд. 312 | Портнов, Степанова
2026-12-07 | СДАЧА | Тема 103 | ауд. 312 | Портнов, Степанова
2027-02-13 | СДАЧА | Тема 107 | ауд. 312 | Портнов, Степанова
2027-04-22 | СДАЧА | Тема 111 | ауд. 312 | Портнов, Степанова
2026-11-13 | СДАЧА | Тема 115 | ауд. 312 | Портнов, Степанова
2027-01-20 | СДАЧА | Тема 119 | ауд. 312 | Портнов, Степанова
2027-03-29 | СДАЧА | Тема 123 | ауд. 312 | Портнов, Степанова
2026-10-20 | СДАЧА | Тема 127 | ауд. 312 | Портнов, Степанова
2026-12-27 | СДАЧА | Тема 131 | ауд. 312 | Портнов, Степанова
2027-03-05 | СДАЧА | Тема 135 | ауд. 312 | Портнов, Степанова
2027-05-12 | СДАЧА | Тема 139 | ауд. 312 | Портнов, Степанова
2026-12-03 | СДАЧА | Тема 143 | ауд. 312 | Портнов, Степанова
2027-02-09 | СДАЧА | Тема 147 | ауд. 312 | Портнов, Степанова
2027-04-18 | СДАЧА | Тема 151 | ауд. 312 | Портнов, Степанова
2026-11-09 | СДАЧА | Тема 155 | ауд. 312 | Портнов, Степанова
2027-01-16 | СДАЧА | Тема 159 | ауд. 312 | Портнов, Степанова
2027-03-25 | СДАЧА | Тема 163 | ауд. 312 | Портнов, Степанова
2026-10-16 | СДАЧА | Тема 167 | ауд. 312 | Портнов, Степанова
2026-12-23 | СДАЧА | Тема 171 | ауд. 312 | Портнов, Степанова
2027-03-01 | СДАЧА | Тема 175 | ауд. 312 | Портнов, Степанова
2027-05-08 | СДАЧА | Тема 179 | ауд. 312 | Портнов, Степанова
2026-11-29 | СДАЧА | Тема 183 | ауд. 312 | Портнов, Степанова
2027-02-05 | СДАЧА | Тема 187 | ауд. 312 | Портнов, Степанова
2027-04-14 | СДАЧА | Тема 191 | ауд. 312 | Портнов, Степанова
2026-11-05 | СДАЧА | Тема 195 | ауд. 312 | Портнов, Степанова
2027-01-12 | СДАЧА | Тема 199 | ауд. 312 | Портнов, Степанова
Всего: 50
