строка 14: несуществующая дата «2026-13-45»
строка 27: пустое обязательное поле «дата»
строка 31: неизвестный тип занятия «СЕМИНАР»
строка 32: неверный разделитель полей
строка 33: у типа «СДАЧА» должно быть не менее двух преподавателей, получено 1
строка 34: полей 6, ожидалось 5
строка 35: несуществующая дата «2026-13-45»
строка 36: пустое обязательное поле «дата»
строка 37: неизвестный тип занятия «СЕМИНАР»
строка 38: неверный разделитель полей
строка 39: у типа «СДАЧА» должно быть не менее двух преподавателей, получено 1
строка 40: полей 6, ожидалось 5
строка 41: несуществующая дата «2026-13-45»
строка 42: пустое обязательное поле «дата»
строка 43: неизвестный тип занятия «СЕМИНАР»
строка 44: неверный разделитель полей
строка 45: у типа «СДАЧА» должно быть не менее двух преподавателей, получено 1
строка 46: полей 6, ожидалось 5
строка 47: несуществующая дата «2026-13-45»
строка 48: пустое обязательное поле «дата»
строка 49: неизвестный тип занятия «СЕМИНАР»
строка 50: неверный разделитель полей
строка 51: у типа «СДАЧА» должно быть не менее двух преподавателей, получено 1
строка 52: полей 6, ожидалось 5
строка 53: несуществующая дата «2026-13-45»
строка 54: пустое обязательное поле «дата»
строка 55: неизвестный тип занятия «СЕМИНАР»
строка 56: неверный разделитель полей
строка 57: у типа «СДАЧА» должно быть не менее двух преподавателей, получено 1
строка 58: полей 6, ожидалось 5
строка 59: несуществующая дата «2026-13-45»
строка 60: пустое обязательное поле «дата»
строка 61: неизвестный тип занятия «СЕМИНАР»
строка 62: неверный разделитель полей
строка 63: у типа «СДАЧА» должно быть не менее двух преподавателей, получено 1
строка 64: полей 6, ожидалось 5
строка 65: несуществующая дата «2026-13-45»
строка 66: пустое обязательное поле «дата»
строка 67: неизвестный тип занятия «СЕМИНАР»
строка 68: неверный разделитель полей
строка 69: у типа «СДАЧА» должно быть не менее двух преподавателей, получено 1
строка 70: полей 6, ожидалось 5
строка 71: несуществующая дата «2026-13-45»
строка 72: пустое обязательное поле «дата»
строка 73: неизвестный тип занятия «СЕМИНАР»
строка 74: неверный разделитель полей
строка 75: у типа «СДАЧА» должно быть не менее двух преподавателей, получено 1
строка 76: полей 6, ожидалось 5
строка 77: несуществующая дата «2026-13-45»
строка 78: пустое обязательное поле «дата»
строка 79: неизвестный тип занятия «СЕМИНАР»
строка 80: неверный разделитель полей
строка 81: у типа «СДАЧА» должно быть не менее двух преподавателей, получено 1
строка 82: полей 6, ожидалось 5
строка 83: несуществующая дата «2026-13-45»
строка 84: пустое обязательное поле «дата»
строка 85: неизвестный тип занятия «СЕМИНАР»
строка 86: неверный разделитель полей
строка 87: у типа «СДАЧА» должно быть не менее двух преподавателей, получено 1
строка 88: полей 6, ожидалось 5
строка 89: несуществующая дата «2026-13-45»
строка 90: пустое обязательное поле «дата»
строка 91: неизвестный тип занятия «СЕМИНАР»
строка 92: неверный разделитель полей
строка 93: у типа «СДАЧА» должно быть не менее двух преподавателей, получено 1
строка 94: полей 6, ожидалось 5
строка 95: несуществующая дата «2026-13-45»
строка 96: пустое обязательное поле «дата»
строка 97: неизвестный тип занятия «СЕМИНАР»
строка 98: неверный разделитель полей
строка 99: у типа «СДАЧА» должно быть не менее двух преподавателей, получено 1
строка 100: полей 6, ожидалось 5
строка 101: несуществующая дата «2026-13-45»
строка 102: пустое обязательное поле «дата»
строка 103: неизвестный тип занятия «СЕМИНАР»
строка 104: неверный разделитель полей
строка 105: у типа «СДАЧА» должно быть не менее двух преподавателей, получено 1
строка 106: полей 6, ожидалось 5
строка 107: несуществующая дата «2026-13-45»
строка 108: пустое обязательное поле «дата»
строка 109: неизвестный тип занятия «СЕМИНАР»
строка 110: неверный разделитель полей
строка 111: у типа «СДАЧА» должно быть не менее двух преподавателей, получено 1
строка 112: полей 6, ожидалось 5
строка 113: несуществующая дата «2026-13-45»
строка 114: пустое обязательное поле «дата»
строка 115: неизвестный тип занятия «СЕМИНАР»
строка 116: неверный разделитель полей
строка 117: у типа «СДАЧА» должно быть не менее двух преподавателей, получено 1
строка 118: полей 6, ожидалось 5
строка 119: несуществующая дата «2026-13-45»
строка 120: пустое обязательное поле «дата»
строка 121: неизвестный тип занятия «СЕМИНАР»
строка 122: неверный разделитель полей
строка 123: у типа «СДАЧА» должно быть не менее двух преподавателей, получено 1
строка 124: полей 6, ожидалось 5
строка 125: несуществующая дата «2026-13-45»
строка 126: пустое обязательное поле «дата»
строка 127: неизвестный тип занятия «СЕМИНАР»
строка 128: неверный разделитель полей
строка 129: у типа «СДАЧА» должно быть не менее двух преподавателей, получено 1
строка 130: полей 6, ожидалось 5
строка 131: несуществующая дата «2026-13-45»
строка 132: пустое обязательное поле «дата»
строка 133: неизвестный тип занятия «СЕМИНАР»
строка 134: неверный разделитель полей
строка 135: у типа «СДАЧА» должно быть не менее двух преподавателей, получено 1
строка 136: полей 6, ожидалось 5
строка 137: несуществующая дата «2026-13-45»
строка 138: пустое обязательное поле «дата»
строка 139: неизвестный тип занятия «СЕМИНАР»
строка 140: неверный разделитель полей
строка 141: у типа «СДАЧА» должно быть не менее двух преподавателей, получено 1
строка 142: полей 6, ожидалось 5
строка 143: несуществующая дата «2026-13-45»
строка 144: пустое обязательное поле «дата»
строка 145: неизвестный тип занятия «СЕМИНАР»
строка 146: неверный разделитель полей
строка 147: у типа «СДАЧА» должно быть не менее двух преподавателей, получено 1
строка 148: полей 6, ожидалось 5
строка 149: несуществующая дата «2026-13-45»
строка 150: пустое обязательное поле «дата»
строка 151: неизвестный тип занятия «СЕМИНАР»
строка 152: неверный разделитель полей
строка 153: у типа «СДАЧА» должно быть не менее двух преподавателей, получено 1
строка 154: полей 6, ожидалось 5
строка 155: несуществующая дата «2026-13-45»
строка 156: пустое обязательное поле «дата»
строка 157: неизвестный тип занятия «СЕМИНАР»
строка 158: неверный разделитель полей
строка 159: у типа «СДАЧА» должно быть не менее двух преподавателей, получено 1
строка 160: полей 6, ожидалось 5
строка 161: несуществующая дата «2026-13-45»
строка 162: пустое обязательное поле «дата»
строка 163: неизвестный тип занятия «СЕМИНАР»
строка 164: неверный разделитель полей
строка 165: у типа «СДАЧА» должно быть не менее двух преподавателей, получено 1
строка 166: полей 6, ожидалось 5
строка 167: несуществующая дата «2026-13-45»
строка 168: пустое обязательное поле «дата»
строка 169: неизвестный тип занятия «СЕМИНАР»
строка 170: неверный разделитель полей
строка 171: у типа «СДАЧА» должно быть не менее двух преподавателей, получено 1
строка 172: полей 6, ожидалось 5
строка 173: несуществующая дата «2026-13-45»
строка 174: пустое обязательное поле «дата»
строка 175: неизвестный тип занятия «СЕМИНАР»
строка 176: неверный разделитель полей
строка 177: у типа «СДАЧА» должно быть не менее двух преподавателей, получено 1
строка 178: полей 6, ожидалось 5
строка 179: несуществующая дата «2026-13-45»
строка 180: пустое обязательное поле «дата»
строка 181: неизвестный тип занятия «СЕМИНАР»
строка 182: неверный разделитель полей
строка 183: у типа «СДАЧА» должно быть не менее двух преподавателей, получено 1
строка 184: полей 6, ожидалось 5
строка 185: несуществующая дата «2026-13-45»
строка 186: пустое обязательное поле «дата»
строка 187: неизвестный тип занятия «СЕМИНАР»
строка 188: неверный разделитель полей
строка 189: у типа «СДАЧА» должно быть не менее двух преподавателей, получено 1
строка 190: полей 6, ожидалось 5
строка 191: несуществующая дата «2026-13-45»
строка 192: пустое обязательное поле «дата»
Всего отклонено: 164 из 500
